// Jest Snapshot v1, https://goo.gl/fbAQLP

exports[`Legacy Portal renders properly 1`] = `
<div
  data-radium={true}
>
  <style
    dangerouslySetInnerHTML={
      Object {
        "__html": "",
      }
    }
  />
</div>
`;
